[2019-10-21T17:50:11.215+0600][0.014s] Heap region size: 1M
[2019-10-21T17:50:11.417+0600][0.217s] Using G1
[2019-10-21T17:50:11.417+0600][0.217s] Heap address: 0x00000007e0000000, size: 512 MB, Compressed Oops mode: Zero based, Oop shift amount: 3
[2019-10-21T17:50:12.017+0600][0.816s] GC(0) Pause Young (Normal) (G1 Evacuation Pause)
[2019-10-21T17:50:12.017+0600][0.817s] GC(0) Using 8 workers of 8 for evacuation
[2019-10-21T17:50:12.022+0600][0.822s] GC(0)   Pre Evacuate Collection Set: 0.0ms
[2019-10-21T17:50:12.022+0600][0.822s] GC(0)   Evacuate Collection Set: 3.5ms
[2019-10-21T17:50:12.022+0600][0.822s] GC(0)   Post Evacuate Collection Set: 1.2ms
[2019-10-21T17:50:12.022+0600][0.822s] GC(0)   Other: 0.7ms
[2019-10-21T17:50:12.022+0600][0.822s] GC(0) Eden regions: 30->0(303)
[2019-10-21T17:50:12.022+0600][0.822s] GC(0) Survivor regions: 0->4(4)
[2019-10-21T17:50:12.022+0600][0.822s] GC(0) Old regions: 0->0
[2019-10-21T17:50:12.022+0600][0.822s] GC(0) Humongous regions: 0->0
[2019-10-21T17:50:12.022+0600][0.822s] GC(0) Metaspace: 16657K->16657K(1064960K)
[2019-10-21T17:50:12.022+0600][0.822s] GC(0) Pause Young (Normal) (G1 Evacuation Pause) 30M->3M(512M) 5.518ms
[2019-10-21T17:50:12.022+0600][0.822s] GC(0) User=0.04s Sys=0.00s Real=0.01s
[2019-10-21T17:50:12.256+0600][1.055s] GC(1) Pause Young (Concurrent Start) (Metadata GC Threshold)
[2019-10-21T17:50:12.258+0600][1.057s] GC(1) Using 8 workers of 8 for evacuation
[2019-10-21T17:50:12.268+0600][1.068s] GC(1)   Pre Evacuate Collection Set: 0.0ms
[2019-10-21T17:50:12.268+0600][1.068s] GC(1)   Evacuate Collection Set: 9.8ms
[2019-10-21T17:50:12.269+0600][1.068s] GC(1)   Post Evacuate Collection Set: 0.6ms
[2019-10-21T17:50:12.269+0600][1.068s] GC(1)   Other: 2.0ms
[2019-10-21T17:50:12.269+0600][1.068s] GC(1) Eden regions: 18->0(65)
[2019-10-21T17:50:12.269+0600][1.068s] GC(1) Survivor regions: 4->12(39)
[2019-10-21T17:50:12.269+0600][1.068s] GC(1) Old regions: 0->0
[2019-10-21T17:50:12.269+0600][1.068s] GC(1) Humongous regions: 4->4
[2019-10-21T17:50:12.269+0600][1.068s] GC(1) Metaspace: 20695K->20695K(1069056K)
[2019-10-21T17:50:12.269+0600][1.068s] GC(1) Pause Young (Concurrent Start) (Metadata GC Threshold) 25M->15M(512M) 12.529ms
[2019-10-21T17:50:12.269+0600][1.068s] GC(1) User=0.07s Sys=0.00s Real=0.01s
[2019-10-21T17:50:12.269+0600][1.068s] GC(2) Concurrent Cycle
[2019-10-21T17:50:12.269+0600][1.068s] GC(2) Concurrent Clear Claimed Marks
[2019-10-21T17:50:12.269+0600][1.068s] GC(2) Concurrent Clear Claimed Marks 0.023ms
[2019-10-21T17:50:12.269+0600][1.068s] GC(2) Concurrent Scan Root Regions
[2019-10-21T17:50:12.272+0600][1.072s] GC(2) Concurrent Scan Root Regions 3.466ms
[2019-10-21T17:50:12.272+0600][1.072s] GC(2) Concurrent Mark (1.072s)
[2019-10-21T17:50:12.272+0600][1.072s] GC(2) Concurrent Mark From Roots
[2019-10-21T17:50:12.272+0600][1.072s] GC(2) Using 2 workers of 2 for marking
[2019-10-21T17:50:12.273+0600][1.073s] GC(2) Concurrent Mark From Roots 1.207ms
[2019-10-21T17:50:12.274+0600][1.073s] GC(2) Concurrent Preclean
[2019-10-21T17:50:12.274+0600][1.073s] GC(2) Concurrent Preclean 0.026ms
[2019-10-21T17:50:12.274+0600][1.073s] GC(2) Concurrent Mark (1.072s, 1.073s) 1.305ms
[2019-10-21T17:50:12.274+0600][1.073s] GC(2) Pause Remark
[2019-10-21T17:50:12.275+0600][1.074s] GC(2) Cleaned string and symbol table, strings: 10347 processed, 0 removed, symbols: 68130 processed, 15 removed
[2019-10-21T17:50:12.275+0600][1.074s] GC(2) Pause Remark 16M->16M(512M) 1.158ms
[2019-10-21T17:50:12.275+0600][1.074s] GC(2) User=0.00s Sys=0.00s Real=0.00s
[2019-10-21T17:50:12.275+0600][1.074s] GC(2) Concurrent Rebuild Remembered Sets
[2019-10-21T17:50:12.277+0600][1.077s] GC(2) Concurrent Rebuild Remembered Sets 2.329ms
[2019-10-21T17:50:12.277+0600][1.077s] GC(2) Pause Cleanup
[2019-10-21T17:50:12.278+0600][1.077s] GC(2) Pause Cleanup 16M->16M(512M) 0.135ms
[2019-10-21T17:50:12.278+0600][1.077s] GC(2) User=0.00s Sys=0.00s Real=0.00s
[2019-10-21T17:50:12.278+0600][1.077s] GC(2) Concurrent Cleanup for Next Mark
[2019-10-21T17:50:12.278+0600][1.078s] GC(2) Concurrent Cleanup for Next Mark 0.554ms
[2019-10-21T17:50:12.278+0600][1.078s] GC(2) Concurrent Cycle 9.604ms
[2019-10-21T17:50:12.705+0600][1.505s] GC(3) Pause Young (Normal) (G1 Evacuation Pause)
[2019-10-21T17:50:12.705+0600][1.505s] GC(3) Using 8 workers of 8 for evacuation
[2019-10-21T17:50:12.712+0600][1.512s] GC(3)   Pre Evacuate Collection Set: 0.0ms
[2019-10-21T17:50:12.712+0600][1.512s] GC(3)   Evacuate Collection Set: 6.5ms
[2019-10-21T17:50:12.712+0600][1.512s] GC(3)   Post Evacuate Collection Set: 0.5ms
[2019-10-21T17:50:12.712+0600][1.512s] GC(3)   Other: 0.1ms
[2019-10-21T17:50:12.712+0600][1.512s] GC(3) Eden regions: 39->0(78)
[2019-10-21T17:50:12.712+0600][1.512s] GC(3) Survivor regions: 12->7(7)
[2019-10-21T17:50:12.712+0600][1.512s] GC(3) Old regions: 0->13
[2019-10-21T17:50:12.712+0600][1.512s] GC(3) Humongous regions: 4->4
[2019-10-21T17:50:12.712+0600][1.512s] GC(3) Metaspace: 25793K->25793K(1073152K)
[2019-10-21T17:50:12.712+0600][1.512s] GC(3) Pause Young (Normal) (G1 Evacuation Pause) 54M->23M(512M) 7.200ms
[2019-10-21T17:50:12.712+0600][1.512s] GC(3) User=0.05s Sys=0.00s Real=0.01s
[2019-10-21T17:50:13.517+0600][2.317s] GC(4) Pause Young (Concurrent Start) (Metadata GC Threshold)
[2019-10-21T17:50:13.517+0600][2.317s] GC(4) Using 8 workers of 8 for evacuation
[2019-10-21T17:50:13.525+0600][2.324s] GC(4)   Pre Evacuate Collection Set: 0.1ms
[2019-10-21T17:50:13.525+0600][2.324s] GC(4)   Evacuate Collection Set: 5.9ms
[2019-10-21T17:50:13.525+0600][2.324s] GC(4)   Post Evacuate Collection Set: 1.1ms
[2019-10-21T17:50:13.525+0600][2.324s] GC(4)   Other: 0.2ms
[2019-10-21T17:50:13.525+0600][2.324s] GC(4) Eden regions: 76->0(112)
[2019-10-21T17:50:13.525+0600][2.324s] GC(4) Survivor regions: 7->4(11)
[2019-10-21T17:50:13.525+0600][2.324s] GC(4) Old regions: 13->19
[2019-10-21T17:50:13.525+0600][2.324s] GC(4) Humongous regions: 4->4
[2019-10-21T17:50:13.525+0600][2.324s] GC(4) Metaspace: 34793K->34793K(1081344K)
[2019-10-21T17:50:13.525+0600][2.324s] GC(4) Pause Young (Concurrent Start) (Metadata GC Threshold) 98M->26M(512M) 7.340ms
[2019-10-21T17:50:13.525+0600][2.324s] GC(4) User=0.04s Sys=0.00s Real=0.01s
[2019-10-21T17:50:13.525+0600][2.324s] GC(5) Concurrent Cycle
[2019-10-21T17:50:13.525+0600][2.324s] GC(5) Concurrent Clear Claimed Marks
[2019-10-21T17:50:13.525+0600][2.324s] GC(5) Concurrent Clear Claimed Marks 0.057ms
[2019-10-21T17:50:13.525+0600][2.324s] GC(5) Concurrent Scan Root Regions
[2019-10-21T17:50:13.526+0600][2.326s] GC(5) Concurrent Scan Root Regions 1.416ms
[2019-10-21T17:50:13.526+0600][2.326s] GC(5) Concurrent Mark (2.326s)
[2019-10-21T17:50:13.526+0600][2.326s] GC(5) Concurrent Mark From Roots
[2019-10-21T17:50:13.526+0600][2.326s] GC(5) Using 2 workers of 2 for marking
[2019-10-21T17:50:13.543+0600][2.342s] GC(5) Concurrent Mark From Roots 16.781ms
[2019-10-21T17:50:13.543+0600][2.342s] GC(5) Concurrent Preclean
[2019-10-21T17:50:13.543+0600][2.343s] GC(5) Concurrent Preclean 0.058ms
[2019-10-21T17:50:13.543+0600][2.343s] GC(5) Concurrent Mark (2.326s, 2.343s) 16.886ms
[2019-10-21T17:50:13.543+0600][2.343s] GC(5) Pause Remark
[2019-10-21T17:50:13.546+0600][2.346s] GC(5) Cleaned string and symbol table, strings: 17263 processed, 17 removed, symbols: 113176 processed, 42 removed
[2019-10-21T17:50:13.546+0600][2.346s] GC(5) Pause Remark 28M->28M(512M) 3.171ms
[2019-10-21T17:50:13.546+0600][2.346s] GC(5) User=0.02s Sys=0.00s Real=0.00s
[2019-10-21T17:50:13.547+0600][2.346s] GC(5) Concurrent Rebuild Remembered Sets
[2019-10-21T17:50:13.554+0600][2.353s] GC(5) Concurrent Rebuild Remembered Sets 7.322ms
[2019-10-21T17:50:13.554+0600][2.353s] GC(5) Pause Cleanup
[2019-10-21T17:50:13.554+0600][2.353s] GC(5) Pause Cleanup 28M->28M(512M) 0.105ms
[2019-10-21T17:50:13.554+0600][2.353s] GC(5) User=0.00s Sys=0.00s Real=0.00s
[2019-10-21T17:50:13.554+0600][2.353s] GC(5) Concurrent Cleanup for Next Mark
[2019-10-21T17:50:13.555+0600][2.354s] GC(5) Concurrent Cleanup for Next Mark 0.647ms
[2019-10-21T17:50:13.555+0600][2.354s] GC(5) Concurrent Cycle 30.048ms
[2019-10-21T18:00:14.271+0600][603.067s] GC(6) Pause Young (Normal) (G1 Evacuation Pause)
[2019-10-21T18:00:14.271+0600][603.067s] GC(6) Using 8 workers of 8 for evacuation
[2019-10-21T18:00:14.281+0600][603.077s] GC(6)   Pre Evacuate Collection Set: 0.0ms
[2019-10-21T18:00:14.281+0600][603.077s] GC(6)   Evacuate Collection Set: 8.0ms
[2019-10-21T18:00:14.281+0600][603.077s] GC(6)   Post Evacuate Collection Set: 1.3ms
[2019-10-21T18:00:14.281+0600][603.077s] GC(6)   Other: 0.5ms
[2019-10-21T18:00:14.281+0600][603.077s] GC(6) Eden regions: 112->0(300)
[2019-10-21T18:00:14.281+0600][603.077s] GC(6) Survivor regions: 4->7(15)
[2019-10-21T18:00:14.281+0600][603.077s] GC(6) Old regions: 19->19
[2019-10-21T18:00:14.281+0600][603.077s] GC(6) Humongous regions: 4->4
[2019-10-21T18:00:14.281+0600][603.077s] GC(6) Metaspace: 44887K->44887K(1089536K)
[2019-10-21T18:00:14.281+0600][603.077s] GC(6) Pause Young (Normal) (G1 Evacuation Pause) 138M->29M(512M) 10.031ms
[2019-10-21T18:00:14.281+0600][603.077s] GC(6) User=0.06s Sys=0.00s Real=0.01s
[2019-10-21T18:01:41.100+0600][689.895s] GC(7) Pause Young (Normal) (G1 Evacuation Pause)
[2019-10-21T18:01:41.100+0600][689.895s] GC(7) Using 8 workers of 8 for evacuation
[2019-10-21T18:01:41.106+0600][689.901s] GC(7)   Pre Evacuate Collection Set: 0.0ms
[2019-10-21T18:01:41.106+0600][689.901s] GC(7)   Evacuate Collection Set: 5.0ms
[2019-10-21T18:01:41.106+0600][689.901s] GC(7)   Post Evacuate Collection Set: 0.6ms
[2019-10-21T18:01:41.106+0600][689.901s] GC(7)   Other: 0.3ms
[2019-10-21T18:01:41.106+0600][689.901s] GC(7) Eden regions: 300->0(291)
[2019-10-21T18:01:41.106+0600][689.901s] GC(7) Survivor regions: 7->16(39)
[2019-10-21T18:01:41.106+0600][689.901s] GC(7) Old regions: 19->19
[2019-10-21T18:01:41.106+0600][689.901s] GC(7) Humongous regions: 6->5
[2019-10-21T18:01:41.106+0600][689.901s] GC(7) Metaspace: 49434K->49434K(1093632K)
[2019-10-21T18:01:41.106+0600][689.901s] GC(7) Pause Young (Normal) (G1 Evacuation Pause) 331M->39M(512M) 6.171ms
[2019-10-21T18:01:41.106+0600][689.901s] GC(7) User=0.04s Sys=0.00s Real=0.00s
[2019-10-21T18:01:42.164+0600][690.959s] GC(8) Pause Young (Normal) (G1 Evacuation Pause)
[2019-10-21T18:01:42.164+0600][690.959s] GC(8) Using 8 workers of 8 for evacuation
[2019-10-21T18:01:42.171+0600][690.967s] GC(8)   Pre Evacuate Collection Set: 0.0ms
[2019-10-21T18:01:42.172+0600][690.967s] GC(8)   Evacuate Collection Set: 5.5ms
[2019-10-21T18:01:42.172+0600][690.967s] GC(8)   Post Evacuate Collection Set: 1.7ms
[2019-10-21T18:01:42.172+0600][690.967s] GC(8)   Other: 0.5ms
[2019-10-21T18:01:42.172+0600][690.967s] GC(8) Eden regions: 291->0(289)
[2019-10-21T18:01:42.172+0600][690.967s] GC(8) Survivor regions: 16->18(39)
[2019-10-21T18:01:42.172+0600][690.967s] GC(8) Old regions: 19->19
[2019-10-21T18:01:42.172+0600][690.967s] GC(8) Humongous regions: 5->5
[2019-10-21T18:01:42.172+0600][690.967s] GC(8) Metaspace: 54687K->54687K(1099776K)
[2019-10-21T18:01:42.172+0600][690.967s] GC(8) Pause Young (Normal) (G1 Evacuation Pause) 330M->41M(512M) 7.760ms
[2019-10-21T18:01:42.172+0600][690.967s] GC(8) User=0.05s Sys=0.00s Real=0.01s
[2019-10-21T18:01:44.179+0600][692.974s] GC(9) Pause Young (Normal) (G1 Evacuation Pause)
[2019-10-21T18:01:44.179+0600][692.974s] GC(9) Using 8 workers of 8 for evacuation
[2019-10-21T18:01:44.188+0600][692.983s] GC(9)   Pre Evacuate Collection Set: 0.0ms
[2019-10-21T18:01:44.188+0600][692.983s] GC(9)   Evacuate Collection Set: 8.1ms
[2019-10-21T18:01:44.188+0600][692.983s] GC(9)   Post Evacuate Collection Set: 1.1ms
[2019-10-21T18:01:44.188+0600][692.983s] GC(9)   Other: 0.2ms
[2019-10-21T18:01:44.188+0600][692.983s] GC(9) Eden regions: 289->0(281)
[2019-10-21T18:01:44.188+0600][692.983s] GC(9) Survivor regions: 18->26(39)
[2019-10-21T18:01:44.188+0600][692.983s] GC(9) Old regions: 19->19
[2019-10-21T18:01:44.188+0600][692.983s] GC(9) Humongous regions: 8->8
[2019-10-21T18:01:44.188+0600][692.983s] GC(9) Metaspace: 58369K->58369K(1101824K)
[2019-10-21T18:01:44.188+0600][692.983s] GC(9) Pause Young (Normal) (G1 Evacuation Pause) 333M->52M(512M) 9.538ms
[2019-10-21T18:01:44.188+0600][692.984s] GC(9) User=0.07s Sys=0.00s Real=0.01s
[2019-10-21T18:02:16.575+0600][725.371s] GC(10) Pause Young (Concurrent Start) (Metadata GC Threshold)
[2019-10-21T18:02:16.577+0600][725.372s] GC(10) Using 8 workers of 8 for evacuation
[2019-10-21T18:02:16.598+0600][725.393s] GC(10)   Pre Evacuate Collection Set: 0.2ms
[2019-10-21T18:02:16.598+0600][725.393s] GC(10)   Evacuate Collection Set: 19.5ms
[2019-10-21T18:02:16.598+0600][725.393s] GC(10)   Post Evacuate Collection Set: 0.6ms
[2019-10-21T18:02:16.598+0600][725.393s] GC(10)   Other: 1.9ms
[2019-10-21T18:02:16.598+0600][725.393s] GC(10) Eden regions: 243->0(286)
[2019-10-21T18:02:16.598+0600][725.393s] GC(10) Survivor regions: 26->21(39)
[2019-10-21T18:02:16.598+0600][725.393s] GC(10) Old regions: 19->25
[2019-10-21T18:02:16.598+0600][725.393s] GC(10) Humongous regions: 8->8
[2019-10-21T18:02:16.598+0600][725.393s] GC(10) Metaspace: 58790K->58790K(1101824K)
[2019-10-21T18:02:16.598+0600][725.393s] GC(10) Pause Young (Concurrent Start) (Metadata GC Threshold) 294M->53M(512M) 22.273ms
[2019-10-21T18:02:16.598+0600][725.393s] GC(10) User=0.08s Sys=0.00s Real=0.02s
[2019-10-21T18:02:16.598+0600][725.393s] GC(11) Concurrent Cycle
[2019-10-21T18:02:16.598+0600][725.393s] GC(11) Concurrent Clear Claimed Marks
[2019-10-21T18:02:16.598+0600][725.393s] GC(11) Concurrent Clear Claimed Marks 0.089ms
[2019-10-21T18:02:16.598+0600][725.393s] GC(11) Concurrent Scan Root Regions
[2019-10-21T18:02:16.603+0600][725.398s] GC(11) Concurrent Scan Root Regions 4.659ms
[2019-10-21T18:02:16.603+0600][725.398s] GC(11) Concurrent Mark (725.398s)
[2019-10-21T18:02:16.603+0600][725.398s] GC(11) Concurrent Mark From Roots
[2019-10-21T18:02:16.603+0600][725.398s] GC(11) Using 2 workers of 2 for marking
[2019-10-21T18:02:16.621+0600][725.416s] GC(11) Concurrent Mark From Roots 17.984ms
[2019-10-21T18:02:16.621+0600][725.416s] GC(11) Concurrent Preclean
[2019-10-21T18:02:16.621+0600][725.416s] GC(11) Concurrent Preclean 0.155ms
[2019-10-21T18:02:16.621+0600][725.416s] GC(11) Concurrent Mark (725.398s, 725.416s) 18.216ms
[2019-10-21T18:02:16.621+0600][725.416s] GC(11) Pause Remark
[2019-10-21T18:02:16.634+0600][725.429s] GC(11) Cleaned string and symbol table, strings: 28769 processed, 808 removed, symbols: 169815 processed, 698 removed
[2019-10-21T18:02:16.635+0600][725.430s] GC(11) Pause Remark 55M->55M(512M) 13.728ms
[2019-10-21T18:02:16.635+0600][725.430s] GC(11) User=0.05s Sys=0.02s Real=0.01s
[2019-10-21T18:02:16.635+0600][725.430s] GC(11) Concurrent Rebuild Remembered Sets
[2019-10-21T18:02:16.645+0600][725.440s] GC(11) Concurrent Rebuild Remembered Sets 9.875ms
[2019-10-21T18:02:16.645+0600][725.440s] GC(11) Pause Cleanup
[2019-10-21T18:02:16.645+0600][725.440s] GC(11) Pause Cleanup 55M->55M(512M) 0.145ms
[2019-10-21T18:02:16.645+0600][725.440s] GC(11) User=0.01s Sys=0.01s Real=0.00s
[2019-10-21T18:02:16.645+0600][725.440s] GC(11) Concurrent Cleanup for Next Mark
[2019-10-21T18:02:16.646+0600][725.441s] GC(11) Concurrent Cleanup for Next Mark 0.687ms
[2019-10-21T18:02:16.646+0600][725.441s] GC(11) Concurrent Cycle 48.118ms
[2019-10-21T20:42:39.102+0600][10029.246s] GC(12) Pause Young (Normal) (G1 Evacuation Pause)
[2019-10-21T20:42:39.103+0600][10029.247s] GC(12) Using 8 workers of 8 for evacuation
[2019-10-21T20:42:39.182+0600][10029.326s] GC(12)   Pre Evacuate Collection Set: 0.7ms
[2019-10-21T20:42:39.182+0600][10029.326s] GC(12)   Evacuate Collection Set: 74.8ms
[2019-10-21T20:42:39.182+0600][10029.326s] GC(12)   Post Evacuate Collection Set: 2.3ms
[2019-10-21T20:42:39.182+0600][10029.326s] GC(12)   Other: 2.6ms
[2019-10-21T20:42:39.182+0600][10029.326s] GC(12) Eden regions: 286->0(284)
[2019-10-21T20:42:39.182+0600][10029.326s] GC(12) Survivor regions: 21->23(39)
[2019-10-21T20:42:39.182+0600][10029.326s] GC(12) Old regions: 25->25
[2019-10-21T20:42:39.182+0600][10029.326s] GC(12) Humongous regions: 8->8
[2019-10-21T20:42:39.182+0600][10029.326s] GC(12) Metaspace: 63562K->63562K(1107968K)
[2019-10-21T20:42:39.182+0600][10029.326s] GC(12) Pause Young (Normal) (G1 Evacuation Pause) 339M->55M(512M) 80.373ms
[2019-10-21T20:42:39.182+0600][10029.326s] GC(12) User=0.09s Sys=0.32s Real=0.08s
[2019-10-22T17:01:16.046+0600][24387.844s] GC(13) Pause Young (Normal) (G1 Evacuation Pause)
[2019-10-22T17:01:16.046+0600][24387.844s] GC(13) Using 8 workers of 8 for evacuation
[2019-10-22T17:01:16.122+0600][24387.920s] GC(13)   Pre Evacuate Collection Set: 2.1ms
[2019-10-22T17:01:16.122+0600][24387.920s] GC(13)   Evacuate Collection Set: 72.0ms
[2019-10-22T17:01:16.122+0600][24387.920s] GC(13)   Post Evacuate Collection Set: 1.4ms
[2019-10-22T17:01:16.122+0600][24387.920s] GC(13)   Other: 1.1ms
[2019-10-22T17:01:16.122+0600][24387.920s] GC(13) Eden regions: 284->0(292)
[2019-10-22T17:01:16.122+0600][24387.920s] GC(13) Survivor regions: 23->15(39)
[2019-10-22T17:01:16.122+0600][24387.920s] GC(13) Old regions: 25->33
[2019-10-22T17:01:16.122+0600][24387.920s] GC(13) Humongous regions: 8->8
[2019-10-22T17:01:16.122+0600][24387.920s] GC(13) Metaspace: 63752K->63752K(1107968K)
[2019-10-22T17:01:16.122+0600][24387.920s] GC(13) Pause Young (Normal) (G1 Evacuation Pause) 339M->55M(512M) 76.544ms
[2019-10-22T17:01:16.123+0600][24387.920s] GC(13) User=0.08s Sys=0.28s Real=0.08s
[2019-10-22T19:53:50.682+0600][32898.067s] GC(14) Pause Young (Normal) (G1 Evacuation Pause)
[2019-10-22T19:53:50.683+0600][32898.068s] GC(14) Using 8 workers of 8 for evacuation
[2019-10-22T19:53:50.810+0600][32898.195s] GC(14)   Pre Evacuate Collection Set: 2.4ms
[2019-10-22T19:53:50.810+0600][32898.195s] GC(14)   Evacuate Collection Set: 101.5ms
[2019-10-22T19:53:50.810+0600][32898.195s] GC(14)   Post Evacuate Collection Set: 2.5ms
[2019-10-22T19:53:50.810+0600][32898.195s] GC(14)   Other: 21.5ms
[2019-10-22T19:53:50.810+0600][32898.195s] GC(14) Eden regions: 292->0(290)
[2019-10-22T19:53:50.810+0600][32898.195s] GC(14) Survivor regions: 15->17(39)
[2019-10-22T19:53:50.810+0600][32898.195s] GC(14) Old regions: 33->33
[2019-10-22T19:53:50.810+0600][32898.195s] GC(14) Humongous regions: 8->8
[2019-10-22T19:53:50.810+0600][32898.195s] GC(14) Metaspace: 66518K->66518K(1110016K)
[2019-10-22T19:53:50.810+0600][32898.195s] GC(14) Pause Young (Normal) (G1 Evacuation Pause) 347M->56M(512M) 127.932ms
[2019-10-22T19:53:50.810+0600][32898.195s] GC(14) User=0.08s Sys=0.35s Real=0.13s
[2019-10-23T14:18:04.988+0600][47072.577s] GC(15) Pause Young (Normal) (G1 Evacuation Pause)
[2019-10-23T14:18:04.992+0600][47072.579s] GC(15) Using 8 workers of 8 for evacuation
[2019-10-23T14:18:05.108+0600][47072.695s] GC(15)   Pre Evacuate Collection Set: 3.9ms
[2019-10-23T14:18:05.108+0600][47072.695s] GC(15)   Evacuate Collection Set: 94.7ms
[2019-10-23T14:18:05.108+0600][47072.695s] GC(15)   Post Evacuate Collection Set: 3.6ms
[2019-10-23T14:18:05.108+0600][47072.695s] GC(15)   Other: 17.3ms
[2019-10-23T14:18:05.108+0600][47072.695s] GC(15) Eden regions: 290->0(289)
[2019-10-23T14:18:05.108+0600][47072.695s] GC(15) Survivor regions: 17->18(39)
[2019-10-23T14:18:05.108+0600][47072.695s] GC(15) Old regions: 33->33
[2019-10-23T14:18:05.108+0600][47072.695s] GC(15) Humongous regions: 82->8
[2019-10-23T14:18:05.108+0600][47072.695s] GC(15) Metaspace: 67931K->67931K(1112064K)
[2019-10-23T14:18:05.109+0600][47072.696s] GC(15) Pause Young (Normal) (G1 Evacuation Pause) 420M->57M(512M) 120.909ms
[2019-10-23T14:18:05.109+0600][47072.696s] GC(15) User=0.09s Sys=0.30s Real=0.12s
